;==============================================================================
; Variants to TECkit mapping file
; Input file name: Unihan_Variants.txt
; Output file name: Unihan_Variants.txt
; Daniel J. Greenhoe 
;
; References:
; ----------
; 1. TIPA version 1.3  http://www.ctan.org/pkg/tipa
; 2. Unicode standard 6.0, IPA Extensions, http://unicode.org/charts/PDF/U0250.pdf
; 3. Handbook of the International Phonetic Association; 
;    A guide to the use of the International Phonetic Alphabet
;    Cambridge University Press, 1999, isbn 978-0-521-63751-0 (paperback)
; 4. symbol names: http://www.unicode.org/Public/UNIDATA/UnicodeData.txt
;==============================================================================
;
;=======================================
; Header information
;=======================================
;EncodingName          ""
;DescriptiveName       ""
 LHSName               "latin-letters"
 RHSName               "smallcaps"
 LHSDescription        "latin letters"
 RHSDescription        "small capitals"
;LHSFlags              ()
;RHSFlags              ()
 Version               "0"
 Contact               "Daniel J. Greenhoe, mailto:dgreenhoe@gmail.com"
;RegistrationAuthority ""
 RegistrationName      "latin-smallcaps"
;
;=======================================
; Macros
;=======================================
Define BSL  reverse_solidus     ; U+005C 
Define FSL  solidus             ; U+002F /
Define COL  colon               ; U+003A :
Define SCO  semicolon           ; U+003B ;
Define AST  asterisk            ; U+002A *
Define LCB  left_curly_bracket  ; U+007B { 
Define RCB  right_curly_bracket ; U+007D } 
Define HYP  hyphen_minus        ; U+002D -
Define GTS  greater_than_sign   ; U+003E >
Define EXM  exclamation_mark    ; U+0021 !  
Define VLN  vertical_line       ; U+007C |
Define TIL  tilde               ; U+007E ~
Define PER  full_stop           ; U+002E .
;
;=======================================
;pass(Byte) ; Byte==>Byte mapping pass
;=======================================
;
;=======================================
;pass(Byte_Unicode) ; Byte==>Unicode mapping pass
;=======================================
;
;=======================================
;pass(Unicode_Byte) ; Unicode==>Byte mapping pass
;=======================================
;
;=======================================
 pass(Unicode) ; Unicode==>Unicode mapping pass
;=======================================
;---------------------------------------
; lower case letters
;---------------------------------------
 latin_small_letter_a     <> latin_letter_small_capital_a        ; U+0061 <> U+1D00
 latin_small_letter_b     <> latin_letter_small_capital_b        ; U+0062 <> U+0299
 latin_small_letter_c     <> latin_letter_small_capital_c        ; U+0063 <> U+1D04
 latin_small_letter_d     <> latin_letter_small_capital_d        ; U+0064 <> U+1D05
 latin_small_letter_e     <> latin_letter_small_capital_e        ; U+0065 <> U+1D07
 latin_small_letter_f     <> latin_letter_small_capital_f        ; U+0066 <> U+A730
 latin_small_letter_g     <> latin_letter_small_capital_g        ; U+0067 <> U+0262
 latin_small_letter_h     <> latin_letter_small_capital_h        ; U+0068 <> U+029C
 latin_small_letter_i     <> latin_letter_small_capital_i        ; U+0069 <> U+026A
 latin_small_letter_j     <> latin_letter_small_capital_j        ; U+006A <> U+1D0A
 latin_small_letter_k     <> latin_letter_small_capital_k        ; U+006B <> U+1D0B
 latin_small_letter_l     <> latin_letter_small_capital_l        ; U+006C <> U+029F
 latin_small_letter_m     <> latin_letter_small_capital_m        ; U+006D <> U+1D0D
 latin_small_letter_n     <> latin_letter_small_capital_n        ; U+006E <> U+0274
 latin_small_letter_o     <> latin_letter_small_capital_o        ; U+006F <> U+1D0F
 latin_small_letter_p     <> latin_letter_small_capital_p        ; U+0070 <> U+1D18
;latin_small_letter_q     <> latin_letter_small_capital_q        ; U+0071 <> 
 latin_small_letter_r     <> latin_letter_small_capital_r        ; U+0072 <> U+0280
 latin_small_letter_s     <> latin_letter_small_capital_s        ; U+0073 <> U+A731
 latin_small_letter_t     <> latin_letter_small_capital_t        ; U+0074 <> U+1D1B
 latin_small_letter_u     <> latin_letter_small_capital_u        ; U+0075 <> U+1D1C
 latin_small_letter_v     <> latin_letter_small_capital_v        ; U+0076 <> U+1D20
 latin_small_letter_w     <> latin_letter_small_capital_w        ; U+0077 <> U+1D21
;latin_small_letter_x     <> latin_letter_small_capital_x        ; U+0078 <> 
 latin_small_letter_y     <> latin_letter_small_capital_y        ; U+0079 <> U+028F
 latin_small_letter_z     <> latin_letter_small_capital_z        ; U+007A <> U+1D22
;---------------------------------------
; upper case letters
;---------------------------------------
 latin_capital_letter_A     <> latin_capital_letter_A        ; U+0041 <> U+0041
 latin_capital_letter_B     <> latin_capital_letter_B        ; U+0042 <> U+0042
 latin_capital_letter_C     <> latin_capital_letter_C        ; U+0043 <> U+0043
 latin_capital_letter_D     <> latin_capital_letter_D        ; U+0044 <> U+0044
 latin_capital_letter_E     <> latin_capital_letter_E        ; U+0045 <> U+0045
 latin_capital_letter_F     <> latin_capital_letter_F        ; U+0046 <> U+0046
 latin_capital_letter_G     <> latin_capital_letter_G        ; U+0047 <> U+0047
 latin_capital_letter_H     <> latin_capital_letter_H        ; U+0048 <> U+0048
 latin_capital_letter_I     <> latin_capital_letter_I        ; U+0049 <> U+0049
 latin_capital_letter_J     <> latin_capital_letter_J        ; U+004A <> U+004A
 latin_capital_letter_K     <> latin_capital_letter_K        ; U+004B <> U+004B
 latin_capital_letter_L     <> latin_capital_letter_L        ; U+004C <> U+004C
 latin_capital_letter_M     <> latin_capital_letter_M        ; U+004D <> U+004D
 latin_capital_letter_N     <> latin_capital_letter_N        ; U+004E <> U+004E
 latin_capital_letter_O     <> latin_capital_letter_O        ; U+004F <> U+004F
 latin_capital_letter_P     <> latin_capital_letter_P        ; U+0050 <> U+0050
 latin_capital_letter_Q     <> latin_capital_letter_Q        ; U+0051 <> U+0051
 latin_capital_letter_R     <> latin_capital_letter_R        ; U+0052 <> U+0052
 latin_capital_letter_S     <> latin_capital_letter_S        ; U+0053 <> U+0053
 latin_capital_letter_T     <> latin_capital_letter_T        ; U+0054 <> U+0054
 latin_capital_letter_U     <> latin_capital_letter_U        ; U+0055 <> U+0055
 latin_capital_letter_V     <> latin_capital_letter_V        ; U+0056 <> U+0056
 latin_capital_letter_W     <> latin_capital_letter_W        ; U+0057 <> U+0057
 latin_capital_letter_X     <> latin_capital_letter_X        ; U+0058 <> U+0058
 latin_capital_letter_Y     <> latin_capital_letter_Y        ; U+0059 <> U+0059
 latin_capital_letter_Z     <> latin_capital_letter_Z        ; U+005A <> U+005A
;---------------------------------------
; other symbols
;---------------------------------------
 FSL latin_small_letter_a latin_small_letter_e <> latin_letter_small_capital_ae  ; /ae <> U+1D01


