;==============================================================================
; CJK Unicode points to PinYin
; Daniel J. Greenhoe 
; This is a TECkit map file. It may be compiled as follows:
;   teckit_compile.exe cjk-pinyin.map
; to produce the file cjk-pinyin.tec .
; This file can in turn be used within an XeLaTeX environment.
;
; This map file has been adapted from data provided in ...
;   Name:            Unicode Pinyin table
;   Unicode version: 1.1
;   Table version:   0.21
;   Table format:    Format A
;   Date:            17 April 1996
;   Author:          Koichi Yasuoka <yasuoka@kudpc.kyoto-u.ac.jp>
;   url:             ftp://ftp.cuhk.hk/pub/chinese/ifcss/software/data/Uni2Pinyin.gz
;                    https://stackoverflow.com/questions/4813086/how-to-convert-chinese-characters-to-pinyin
;==============================================================================
;=======================================
; Header information
;=======================================
;EncodingName          ""
;DescriptiveName       ""
 LHSName               ""
 RHSName               ""
 LHSDescription        ""
 RHSDescription        ""
;LHSFlags              ()
;RHSFlags              ()
 Version               "0"
 Contact               "Daniel J. Greenhoe, mailto:dgreenhoe@gmail.com"
;RegistrationAuthority ""
 RegistrationName      "cjk-pinyin"
 pass(Unicode)
;
;=======================================
; Mappings
;=======================================
;U+3007 > l i n g 2
;U+3007 > latin_small_letter_l latin_small_letter_i
U+3007 > 0x40
;U+4E00 > yi1
;U+4E01 > ding1
;U+4E02 > kao3
